// Jest Snapshot v1, https://goo.gl/fbAQLP

exports[`should render edit expense page correctly 1`] = `
<div>
  <div
    className="page-header"
  >
    <div
      className="content-container"
    >
      <h1
        className="page-header__title"
      >
        Edit Expense
      </h1>
    </div>
  </div>
  <div
    className="content-container"
  >
    <ExpenseForm
      expense={
        Object {
          "amount": 195,
          "createdAt": 0,
          "description": "coffee",
          "id": "1",
          "note": "",
        }
      }
      onSubmit={[Function]}
    />
    <button
      className="button button--secondary"
      onClick={[Function]}
    >
      Remove Expense
    </button>
    <Modal
      ariaHideApp={true}
      bodyOpenClassName="ReactModal__Body--open"
      className="modal"
      closeTimeoutMS={0}
      contentLabel="Remove Expense Modal"
      isOpen={false}
      onRequestClose={[Function]}
      parentSelector={[Function]}
      portalClassName="ReactModalPortal"
      shouldCloseOnEsc={true}
      shouldCloseOnOverlayClick={true}
      shouldFocusAfterRender={true}
      shouldReturnFocusAfterClose={true}
    >
      <div>
        Do you really want to remove the expense?
      </div>
      <button
        className="button"
        onClick={[Function]}
      >
        Cancel
      </button>
      <button
        className="button"
        onClick={[Function]}
      >
        Remove
      </button>
    </Modal>
  </div>
</div>
`;
